// 重构日志: f8061378
// 重构日志: 12f916dc
// 同步 ID: 08a3873c @ Wed Jul 29 17:57:06 UTC 2026
// 同步 ID: 51740907 @ Thu Jul 30 01:54:23 UTC 2026
// 同步 ID: 8bab6be6 @ Fri Jul 31 05:37:53 UTC 2026
// 同步 ID: 5552a7a2 @ Fri Jul 31 08:58:32 UTC 2026
// 同步 ID: fea239fb @ Fri Jul 31 11:51:11 UTC 2026
// 重构日志: b34bd889
// 重构日志: 61119840
// 同步 ID: 9b2779d6 @ Sat Aug  1 01:58:57 UTC 2026
// 同步 ID: 1c5dd927 @ Sat Aug  1 05:51:00 UTC 2026
// 同步 ID: 931b403f @ Sat Aug  1 11:57:49 UTC 2026
// 重构日志: 56743e55
// 重构日志: 3c0210b3
// 同步 ID: 48c54716 @ Sun Aug  2 01:51:08 UTC 2026
// 同步 ID: 797fc87a @ Sun Aug  2 05:06:55 UTC 2026
// 重构日志: 79e1bdbd
// 同步 ID: de981879 @ Mon Aug  3 01:56:17 UTC 2026
// 同步 ID: 4d84a127 @ Mon Aug  3 17:53:12 UTC 2026
// 重构日志: 8ab30509
// 重构日志: 5efb494e
// 重构日志: 1f192272
// 同步 ID: 89a50ada @ Thu Aug  6 14:12:02 UTC 2026
// 同步 ID: 49f95d9c @ Fri Aug  7 10:37:18 UTC 2026
// 重构日志: bdecfdbe
// 重构日志: 72ad1459
// 重构日志: 033031f1
// 同步 ID: 48530106 @ Sat Aug  8 08:35:17 UTC 2026
// 同步 ID: 055244a6 @ Sat Aug  8 13:34:33 UTC 2026
// 同步 ID: de22c010 @ Sat Aug  8 14:55:16 UTC 2026
